components/omnichannel/CompanyIntelligenceClient.tsx(7,44): error TS2307: Cannot find module '@/components/omnichannel' or its corresponding type declarations.
components/omnichannel/CompanyIntelligenceClient.tsx(9,25): error TS2307: Cannot find module '@/components/ui/input-search' or its corresponding type declarations.
components/omnichannel/CompanyIntelligenceClient.tsx(10,24): error TS2307: Cannot find module '@/components/ui/page-header' or its corresponding type declarations.
components/omnichannel/CompanyIntelligenceClient.tsx(11,24): error TS2307: Cannot find module '@/components/ui/pagination' or its corresponding type declarations.
components/omnichannel/CompanyIntelligenceClient.tsx(17,8): error TS2307: Cannot find module '@/lib/types/Company' or its corresponding type declarations.
components/omnichannel/CompanyIntelligenceClient.tsx(21,24): error TS2307: Cannot find module '@/lib/notifications' or its corresponding type declarations.
components/omnichannel/CompanyIntelligenceClient.tsx(23,32): error TS2307: Cannot find module '@/components/ui/printable-table' or its corresponding type declarations.
components/omnichannel/CompanyIntelligenceClient.tsx(24,25): error TS2307: Cannot find module '@/lib/context/AuthContext' or its corresponding type declarations.
components/omnichannel/CompanyIntelligenceClient.tsx(25,43): error TS2307: Cannot find module '@/lib/api/company-intelligence' or its corresponding type declarations.
components/omnichannel/CompanyIntelligenceClient.tsx(26,41): error TS2307: Cannot find module '@/lib/types/company-intelligence' or its corresponding type declarations.
components/omnichannel/CompanyIntelligenceClient.tsx(27,52): error TS2307: Cannot find module '@/lib/data/company-intelligence-options' or its corresponding type declarations.
node_modules/next/dist/build/templates/app-page.d.ts(10,40): error TS2307: Cannot find module 'VAR_MODULE_GLOBAL_ERROR' or its corresponding type declarations.
node_modules/next/dist/build/webpack-config.d.ts(11,104): error TS2694: Namespace '"/Users/schein/Documents/solvera/supercontact-web/node_modules/next/dist/compiled/webpack/webpack".webpack' has no exported member 'RuleSetUseItem'.
node_modules/next/dist/build/webpack/loaders/next-app-loader.d.ts(23,26): error TS2694: Namespace '"/Users/schein/Documents/solvera/supercontact-web/node_modules/next/dist/compiled/webpack/webpack"' has no exported member 'LoaderDefinitionFunction'.
node_modules/next/dist/build/webpack/plugins/define-env-plugin.d.ts(26,86): error TS2694: Namespace '"/Users/schein/Documents/solvera/supercontact-web/node_modules/next/dist/compiled/webpack/webpack".webpack' has no exported member 'DefinePlugin'.
node_modules/next/dist/server/app-render/entry-base.d.ts(1,85): error TS2307: Cannot find module 'react-server-dom-webpack/server.edge' or its corresponding type declarations.
node_modules/next/dist/server/web/spec-extension/adapters/headers.d.ts(40,5): error TS2416: Property 'entries' in type 'HeadersAdapter' is not assignable to the same property in base type 'Headers'.
  Type '() => IterableIterator<[string, string]>' is not assignable to type '() => HeadersIterator<[string, string]>'.
    Type 'IterableIterator<[string, string]>' is missing the following properties from type 'HeadersIterator<[string, string]>': map, filter, take, drop, and 9 more.
node_modules/next/dist/server/web/spec-extension/adapters/headers.d.ts(41,5): error TS2416: Property 'keys' in type 'HeadersAdapter' is not assignable to the same property in base type 'Headers'.
  Type '() => IterableIterator<string>' is not assignable to type '() => HeadersIterator<string>'.
    Type 'IterableIterator<string>' is missing the following properties from type 'HeadersIterator<string>': map, filter, take, drop, and 9 more.
node_modules/next/dist/server/web/spec-extension/adapters/headers.d.ts(42,5): error TS2416: Property 'values' in type 'HeadersAdapter' is not assignable to the same property in base type 'Headers'.
  Type '() => IterableIterator<string>' is not assignable to type '() => HeadersIterator<string>'.
    Type 'IterableIterator<string>' is missing the following properties from type 'HeadersIterator<string>': map, filter, take, drop, and 9 more.
node_modules/next/dist/server/web/spec-extension/adapters/headers.d.ts(43,5): error TS2416: Property '[Symbol.iterator]' in type 'HeadersAdapter' is not assignable to the same property in base type 'Headers'.
  Type '() => IterableIterator<[string, string]>' is not assignable to type '() => HeadersIterator<[string, string]>'.
    Type 'IterableIterator<[string, string]>' is missing the following properties from type 'HeadersIterator<[string, string]>': map, filter, take, drop, and 9 more.
